
> tasks@0.1.0 test
> react-scripts test --coverage

Browserslist: caniuse-lite is outdated. Please run:
  npx browserslist@latest --update-db
  Why you should do it regularly: https://github.com/browserslist/browserslist#browsers-data-updating
PASS src/quizzer/Quizzer.test.tsx
PASS src/App.test.tsx
-------------------|---------|----------|---------|---------|------------------------------------------------------
File               | % Stmts | % Branch | % Funcs | % Lines | Uncovered Line #s                                    
-------------------|---------|----------|---------|---------|------------------------------------------------------
All files          |   80.89 |    80.64 |      76 |   80.66 |                                                      
 src               |   66.66 |       50 |      50 |   66.66 |                                                      
  App.tsx          |   66.66 |       50 |      50 |   66.66 | 16                                                   
 src/interfaces    |       0 |        0 |       0 |       0 |                                                      
  question.ts      |       0 |        0 |       0 |       0 |                                                      
  quiz.ts          |       0 |        0 |       0 |       0 |                                                      
 src/quizzer       |   81.16 |    82.75 |   76.71 |   80.95 |                                                      
  AddQuizModal.tsx |   64.28 |      100 |      40 |   64.28 | 38-58                                                
  QuestionEdit.tsx |   48.64 |     62.5 |   41.17 |   48.64 | 28-31,46,51-52,72-73,80-82,90-92,115-188,222,249,274 
  QuizCard.tsx     |     100 |       80 |     100 |     100 | 32                                                   
  QuizEdit.tsx     |   82.75 |      100 |   73.33 |   84.61 | 49-51,88,118                                         
  QuizExpanded.tsx |     100 |    85.71 |     100 |     100 | 83                                                   
  QuizList.tsx     |     100 |      100 |     100 |     100 |                                                      
  QuizQuestion.tsx |     100 |    85.71 |     100 |     100 | 24-31                                                
  QuizView.tsx     |     100 |      100 |     100 |     100 |                                                      
  Quizzer.tsx      |     100 |      100 |     100 |     100 |                                                      
-------------------|---------|----------|---------|---------|------------------------------------------------------

Test Suites: 2 passed, 2 total
Tests:       15 passed, 15 total
Snapshots:   0 total
Time:        5.327 s
Ran all test suites.
